
Compile Time 3594843156 Results:
------------------------------------------------------

Compile Time 3594843159 Results:
------------------------------------------------------

Compile Time 3594843162 Results:
------------------------------------------------------
